// Jest Snapshot v1, https://goo.gl/fbAQLP

exports[`CSVReader is being rendered 1`] = `
<div
  className="custom-csv-reader"
>
  <label
    className="custom-csv-label"
    htmlFor="react-csv-reader"
  >
    CSV input label text
  </label>
  <input
    accept=".csv, text/csv, .tsv, test/tsv"
    className="custom-csv-input"
    disabled={true}
    id="react-csv-reader"
    name="react-csv-reader"
    onChange={[Function]}
    style={
      Object {
        "color": "red",
      }
    }
    type="file"
  />
</div>
`;
